// Jest Snapshot v1, https://goo.gl/fbAQLP

exports[`gatsby-transformer-sqip generateSqip cached 1`] = `
{
  "dataURI": "data:image/svg+xml,%3csvg%3e%3c!-- Cached SQIP SVG --%3e%3c/svg%3e",
  "svg": "<svg><!-- Cached SQIP SVG --></svg>",
}
`;

exports[`gatsby-transformer-sqip generateSqip not cached 1`] = `
{
  "dataURI": "data:image/svg+xml,%3csvg%3e%3c!-- Mocked SQIP SVG --%3e%3c/svg%3e",
  "svg": "<svg><!-- Mocked SQIP SVG --></svg>",
}
`;

exports[`gatsby-transformer-sqip generateSqip not cached 2`] = `
{
  "input": "/Users/bene/dev/customers/contentful/gatsby/packages/gatsby-transformer-sqip/src/__tests__/images/this-file-does-not-need-to-exist-for-the-test.jpg",
  "plugins": [
    {
      "name": "sqip-plugin-primitive",
      "options": {
        "mode": 3,
        "numberOfPrimitives": 5,
      },
    },
    {
      "name": "sqip-plugin-blur",
      "options": {
        "blur": 0,
      },
    },
    "sqip-plugin-svgo",
    "sqip-plugin-data-uri",
  ],
}
`;
